// Jest Snapshot v1, https://goo.gl/fbAQLP

exports[`Test TwitterLink should test snapshot 1`] = `"<a href=\\"https://twitter.com/kardnumas\\" target=\\"_blank\\">kardnumas</a>"`;
